Warning messages:
1: package ‘survey’ was built under R version 4.5.2 
2: package ‘survival’ was built under R version 4.5.2 
3: package ‘mice’ was built under R version 4.5.2 
IMPUTE_START 2026-09-24 00:04:11 n 50018 

 iter imp variable
  1   1  education  pir  smoke
  1   2  education  pir  smoke
  1   3  education  pir  smoke
  1   4  education  pir  smoke
  1   5  education  pir  smoke
  1   6  education  pir  smoke
  1   7  education  pir  smoke
  1   8  education  pir  smoke
  1   9  education  pir  smoke
  1   10  education  pir  smoke
  1   11  education  pir  smoke
  1   12  education  pir  smoke
  1   13  education  pir  smoke
  1   14  education  pir  smoke
  1   15  education  pir  smoke
  1   16  education  pir  smoke
  1   17  education  pir  smoke
  1   18  education  pir  smoke
  1   19  education  pir  smoke
  1   20  education  pir  smoke
  1   21  education  pir  smoke
  1   22  education  pir  smoke
  1   23  education  pir  smoke
  1   24  education  pir  smoke
  1   25  education  pir  smoke
  1   26  education  pir  smoke
  1   27  education  pir  smoke
  1   28  education  pir  smoke
  1   29  education  pir  smoke
  1   30  education  pir  smoke
  2   1  education  pir  smoke
  2   2  education  pir  smoke
  2   3  education  pir  smoke
  2   4  education  pir  smoke
  2   5  education  pir  smoke
  2   6  education  pir  smoke
  2   7  education  pir  smoke
  2   8  education  pir  smoke
  2   9  education  pir  smoke
  2   10  education  pir  smoke
  2   11  education  pir  smoke
  2   12  education  pir  smoke
  2   13  education  pir  smoke
  2   14  education  pir  smoke
  2   15  education  pir  smoke
  2   16  education  pir  smoke
  2   17  education  pir  smoke
  2   18  education  pir  smoke
  2   19  education  pir  smoke
  2   20  education  pir  smoke
  2   21  education  pir  smoke
  2   22  education  pir  smoke
  2   23  education  pir  smoke
  2   24  education  pir  smoke
  2   25  education  pir  smoke
  2   26  education  pir  smoke
  2   27  education  pir  smoke
  2   28  education  pir  smoke
  2   29  education  pir  smoke
  2   30  education  pir  smoke
  3   1  education  pir  smoke
  3   2  education  pir  smoke
  3   3  education  pir  smoke
  3   4  education  pir  smoke
  3   5  education  pir  smoke
  3   6  education  pir  smoke
  3   7  education  pir  smoke
  3   8  education  pir  smoke
  3   9  education  pir  smoke
  3   10  education  pir  smoke
  3   11  education  pir  smoke
  3   12  education  pir  smoke
  3   13  education  pir  smoke
  3   14  education  pir  smoke
  3   15  education  pir  smoke
  3   16  education  pir  smoke
  3   17  education  pir  smoke
  3   18  education  pir  smoke
  3   19  education  pir  smoke
  3   20  education  pir  smoke
  3   21  education  pir  smoke
  3   22  education  pir  smoke
  3   23  education  pir  smoke
  3   24  education  pir  smoke
  3   25  education  pir  smoke
  3   26  education  pir  smoke
  3   27  education  pir  smoke
  3   28  education  pir  smoke
  3   29  education  pir  smoke
  3   30  education  pir  smoke
  4   1  education  pir  smoke
  4   2  education  pir  smoke
  4   3  education  pir  smoke
  4   4  education  pir  smoke
  4   5  education  pir  smoke
  4   6  education  pir  smoke
  4   7  education  pir  smoke
  4   8  education  pir  smoke
  4   9  education  pir  smoke
  4   10  education  pir  smoke
  4   11  education  pir  smoke
  4   12  education  pir  smoke
  4   13  education  pir  smoke
  4   14  education  pir  smoke
  4   15  education  pir  smoke
  4   16  education  pir  smoke
  4   17  education  pir  smoke
  4   18  education  pir  smoke
  4   19  education  pir  smoke
  4   20  education  pir  smoke
  4   21  education  pir  smoke
  4   22  education  pir  smoke
  4   23  education  pir  smoke
  4   24  education  pir  smoke
  4   25  education  pir  smoke
  4   26  education  pir  smoke
  4   27  education  pir  smoke
  4   28  education  pir  smoke
  4   29  education  pir  smoke
  4   30  education  pir  smoke
  5   1  education  pir  smoke
  5   2  education  pir  smoke
  5   3  education  pir  smoke
  5   4  education  pir  smoke
  5   5  education  pir  smoke
  5   6  education  pir  smoke
  5   7  education  pir  smoke
  5   8  education  pir  smoke
  5   9  education  pir  smoke
  5   10  education  pir  smoke
  5   11  education  pir  smoke
  5   12  education  pir  smoke
  5   13  education  pir  smoke
  5   14  education  pir  smoke
  5   15  education  pir  smoke
  5   16  education  pir  smoke
  5   17  education  pir  smoke
  5   18  education  pir  smoke
  5   19  education  pir  smoke
  5   20  education  pir  smoke
  5   21  education  pir  smoke
  5   22  education  pir  smoke
  5   23  education  pir  smoke
  5   24  education  pir  smoke
  5   25  education  pir  smoke
  5   26  education  pir  smoke
  5   27  education  pir  smoke
  5   28  education  pir  smoke
  5   29  education  pir  smoke
  5   30  education  pir  smoke
  6   1  education  pir  smoke
  6   2  education  pir  smoke
  6   3  education  pir  smoke
  6   4  education  pir  smoke
  6   5  education  pir  smoke
  6   6  education  pir  smoke
  6   7  education  pir  smoke
  6   8  education  pir  smoke
  6   9  education  pir  smoke
  6   10  education  pir  smoke
  6   11  education  pir  smoke
  6   12  education  pir  smoke
  6   13  education  pir  smoke
  6   14  education  pir  smoke
  6   15  education  pir  smoke
  6   16  education  pir  smoke
  6   17  education  pir  smoke
  6   18  education  pir  smoke
  6   19  education  pir  smoke
  6   20  education  pir  smoke
  6   21  education  pir  smoke
  6   22  education  pir  smoke
  6   23  education  pir  smoke
  6   24  education  pir  smoke
  6   25  education  pir  smoke
  6   26  education  pir  smoke
  6   27  education  pir  smoke
  6   28  education  pir  smoke
  6   29  education  pir  smoke
  6   30  education  pir  smoke
  7   1  education  pir  smoke
  7   2  education  pir  smoke
  7   3  education  pir  smoke
  7   4  education  pir  smoke
  7   5  education  pir  smoke
  7   6  education  pir  smoke
  7   7  education  pir  smoke
  7   8  education  pir  smoke
  7   9  education  pir  smoke
  7   10  education  pir  smoke
  7   11  education  pir  smoke
  7   12  education  pir  smoke
  7   13  education  pir  smoke
  7   14  education  pir  smoke
  7   15  education  pir  smoke
  7   16  education  pir  smoke
  7   17  education  pir  smoke
  7   18  education  pir  smoke
  7   19  education  pir  smoke
  7   20  education  pir  smoke
  7   21  education  pir  smoke
  7   22  education  pir  smoke
  7   23  education  pir  smoke
  7   24  education  pir  smoke
  7   25  education  pir  smoke
  7   26  education  pir  smoke
  7   27  education  pir  smoke
  7   28  education  pir  smoke
  7   29  education  pir  smoke
  7   30  education  pir  smoke
  8   1  education  pir  smoke
  8   2  education  pir  smoke
  8   3  education  pir  smoke
  8   4  education  pir  smoke
  8   5  education  pir  smoke
  8   6  education  pir  smoke
  8   7  education  pir  smoke
  8   8  education  pir  smoke
  8   9  education  pir  smoke
  8   10  education  pir  smoke
  8   11  education  pir  smoke
  8   12  education  pir  smoke
  8   13  education  pir  smoke
  8   14  education  pir  smoke
  8   15  education  pir  smoke
  8   16  education  pir  smoke
  8   17  education  pir  smoke
  8   18  education  pir  smoke
  8   19  education  pir  smoke
  8   20  education  pir  smoke
  8   21  education  pir  smoke
  8   22  education  pir  smoke
  8   23  education  pir  smoke
  8   24  education  pir  smoke
  8   25  education  pir  smoke
  8   26  education  pir  smoke
  8   27  education  pir  smoke
  8   28  education  pir  smoke
  8   29  education  pir  smoke
  8   30  education  pir  smoke
  9   1  education  pir  smoke
  9   2  education  pir  smoke
  9   3  education  pir  smoke
  9   4  education  pir  smoke
  9   5  education  pir  smoke
  9   6  education  pir  smoke
  9   7  education  pir  smoke
  9   8  education  pir  smoke
  9   9  education  pir  smoke
  9   10  education  pir  smoke
  9   11  education  pir  smoke
  9   12  education  pir  smoke
  9   13  education  pir  smoke
  9   14  education  pir  smoke
  9   15  education  pir  smoke
  9   16  education  pir  smoke
  9   17  education  pir  smoke
  9   18  education  pir  smoke
  9   19  education  pir  smoke
  9   20  education  pir  smoke
  9   21  education  pir  smoke
  9   22  education  pir  smoke
  9   23  education  pir  smoke
  9   24  education  pir  smoke
  9   25  education  pir  smoke
  9   26  education  pir  smoke
  9   27  education  pir  smoke
  9   28  education  pir  smoke
  9   29  education  pir  smoke
  9   30  education  pir  smoke
  10   1  education  pir  smoke
  10   2  education  pir  smoke
  10   3  education  pir  smoke
  10   4  education  pir  smoke
  10   5  education  pir  smoke
  10   6  education  pir  smoke
  10   7  education  pir  smoke
  10   8  education  pir  smoke
  10   9  education  pir  smoke
  10   10  education  pir  smoke
  10   11  education  pir  smoke
  10   12  education  pir  smoke
  10   13  education  pir  smoke
  10   14  education  pir  smoke
  10   15  education  pir  smoke
  10   16  education  pir  smoke
  10   17  education  pir  smoke
  10   18  education  pir  smoke
  10   19  education  pir  smoke
  10   20  education  pir  smoke
  10   21  education  pir  smoke
  10   22  education  pir  smoke
  10   23  education  pir  smoke
  10   24  education  pir  smoke
  10   25  education  pir  smoke
  10   26  education  pir  smoke
  10   27  education  pir  smoke
  10   28  education  pir  smoke
  10   29  education  pir  smoke
  10   30  education  pir  smoke
null device 
          1 
IMPUTE_END 2026-09-24 00:17:47 
