Warning messages:
1: package ‘survey’ was built under R version 4.5.2 
2: package ‘survival’ was built under R version 4.5.2 
FIT B0 n 37127 status TRUE 
Stratified 1 - level Cluster Sampling design (with replacement)
With (320) clusters.
subset(wide, eligible)

Call:  svyglm(formula = form, design = ds, family = quasibinomial(), 
    control = glm.control(maxit = 100, epsilon = 1e-12))

Coefficients:
           (Intercept)                      ra                     age  
              -1.62081                 0.82162                -0.01892  
             sexFemale             raceMexican      raceOther_Hispanic  
               0.24087                -0.68389                 0.02334  
          raceNH_Black   raceOther_Multiracial  educationLess_than_9th  
               0.02200                -0.14569                -0.46963  
     education9th_11th    educationHigh_school   educationSome_college  
              -0.14780                -0.19776                -0.03135  
                   pir                     bmi           smokingformer  
              -0.04880                 0.01902                 0.23005  
        smokingcurrent  
               0.17845  

Degrees of Freedom: 37126 Total (i.e. Null);  148 Residual
Null Deviance:	    29020 
Residual Deviance: 28260 	AIC: NA
FIT B1 n 37127 status TRUE 
Stratified 1 - level Cluster Sampling design (with replacement)
With (320) clusters.
subset(wide, eligible)

Call:  svyglm(formula = form, design = ds, family = quasibinomial(), 
    control = glm.control(maxit = 100, epsilon = 1e-12))

Coefficients:
           (Intercept)                      ra                     age  
              -1.20256                 0.80699                -0.02857  
             sexFemale             raceMexican      raceOther_Hispanic  
               0.24076                -0.67792                 0.02813  
          raceNH_Black   raceOther_Multiracial  educationLess_than_9th  
               0.02041                -0.14010                -0.49070  
     education9th_11th    educationHigh_school   educationSome_college  
              -0.15691                -0.18951                -0.01945  
                   pir                     bmi           smokingformer  
              -0.20026                 0.02022                 0.23377  
        smokingcurrent                  age_nl                  pir_nl  
               0.18919                 0.01595                 0.25978  

Degrees of Freedom: 37126 Total (i.e. Null);  146 Residual
Null Deviance:	    29020 
Residual Deviance: 28210 	AIC: NA
FIT B2 n 37127 status TRUE 
Stratified 1 - level Cluster Sampling design (with replacement)
With (320) clusters.
subset(wide, eligible)

Call:  svyglm(formula = form, design = ds, family = quasibinomial(), 
    control = glm.control(maxit = 100, epsilon = 1e-12))

Coefficients:
           (Intercept)                      ra                     age  
             -0.898977                0.803723               -0.027909  
             sexFemale             raceMexican      raceOther_Hispanic  
              0.230198               -0.668928                0.035106  
          raceNH_Black   raceOther_Multiracial  educationLess_than_9th  
              0.020481               -0.144287               -0.485557  
     education9th_11th    educationHigh_school   educationSome_college  
             -0.154762               -0.186469               -0.017203  
                   pir                     bmi           smokingformer  
             -0.197973                0.006733                0.234645  
        smokingcurrent                  age_nl                  pir_nl  
              0.186689                0.015419                0.257918  
                bmi_nl  
              0.017211  

Degrees of Freedom: 37126 Total (i.e. Null);  145 Residual
Null Deviance:	    29020 
Residual Deviance: 28210 	AIC: NA
FIT B3 n 37127 status TRUE 
Stratified 1 - level Cluster Sampling design (with replacement)
With (320) clusters.
subset(wide, eligible)

Call:  svyglm(formula = form, design = ds, family = quasibinomial(), 
    control = glm.control(maxit = 100, epsilon = 1e-12))

Coefficients:
           (Intercept)                      ra                     age  
            -1.368e+00               8.117e-01              -2.806e-02  
             sexFemale             raceMexican      raceOther_Hispanic  
             2.448e-01              -6.949e-01               1.453e-02  
          raceNH_Black   raceOther_Multiracial  educationLess_than_9th  
             1.481e-02              -1.682e-01              -4.576e-01  
     education9th_11th    educationHigh_school   educationSome_college  
            -1.242e-01              -1.722e-01              -1.059e-02  
                   pir                     bmi           smokingformer  
            -1.942e-01               1.917e-02               2.391e-01  
        smokingcurrent                  age_nl                  pir_nl  
             2.012e-01               1.474e-02               2.532e-01  
             cycle2001               cycle2003               cycle2005  
             6.205e-05               2.398e-02               1.556e-01  
             cycle2007               cycle2009               cycle2011  
             1.931e-01               1.160e-01               2.119e-01  
             cycle2013               cycle2015               cycle2017  
             2.458e-01               2.794e-01               2.372e-01  

Degrees of Freedom: 37126 Total (i.e. Null);  137 Residual
Null Deviance:	    29020 
Residual Deviance: 28180 	AIC: NA
FIT agegroup_20-39 n 16349 status TRUE 
FIT agegroup_40-59 n 12788 status TRUE 
FIT agegroup_60-79 n 7990 status TRUE 
FIT int_agegroup n 37127 status TRUE 
FIT sex_Male n 18527 status TRUE 
FIT sex_Female n 18600 status TRUE 
FIT int_sex n 37127 status TRUE 
FIT period_1999-2008 n 16658 status TRUE 
FIT period_2009-March2020 n 20469 status TRUE 
FIT int_period n 37127 status TRUE 
FIT selection_model n 41522 status TRUE 
FIT B4 n 37127 status TRUE 
Stratified 1 - level Cluster Sampling design (with replacement)
With (320) clusters.
subset(wide, eligible)

Call:  svyglm(formula = form, design = ds, family = quasibinomial(), 
    control = glm.control(maxit = 100, epsilon = 1e-12))

Coefficients:
           (Intercept)                      ra                     age  
              -1.22304                 0.80591                -0.02833  
             sexFemale             raceMexican      raceOther_Hispanic  
               0.24273                -0.67897                 0.03042  
          raceNH_Black   raceOther_Multiracial  educationLess_than_9th  
               0.02113                -0.13748                -0.49073  
     education9th_11th    educationHigh_school   educationSome_college  
              -0.16022                -0.18669                -0.01931  
                   pir                     bmi           smokingformer  
              -0.19783                 0.02028                 0.23686  
        smokingcurrent                  age_nl                  pir_nl  
               0.19117                 0.01567                 0.25580  

Degrees of Freedom: 37126 Total (i.e. Null);  146 Residual
Null Deviance:	    28880 
Residual Deviance: 28080 	AIC: NA
FIT support_model n 37127 status TRUE 
COMPLETE
   model     n events ra_n      beta         se       OR    lower    upper
B0    B0 37127   4697 2372 0.8216196 0.08777423 2.274180 1.912284 2.704564
B1    B1 37127   4697 2372 0.8069903 0.08752467 2.241153 1.885441 2.663973
B2    B2 37127   4697 2372 0.8037231 0.08768013 2.233842 1.878715 2.656099
B3    B3 37127   4697 2372 0.8116706 0.08773365 2.251666 1.893505 2.677575
B4    B4 37127   4697 2372 0.8059106 0.08704777 2.238734 1.885181 2.658593
              p  df    status
B0 6.194470e-17 163 estimable
B1 1.467784e-16 163 estimable
B2 2.038113e-16 163 estimable
B3 1.210842e-16 163 estimable
B4 1.161894e-16 163 estimable
                                           test         F df1 df2            p
B1_joint_nonlinearity     B1_joint_nonlinearity 11.376377   2 163 2.371733e-05
B1_age_nonlinearity         B1_age_nonlinearity  8.513288   1 163 4.023651e-03
B1_pir_nonlinearity         B1_pir_nonlinearity 12.872687   1 163 4.405259e-04
B2_bmi_nonlinearity         B2_bmi_nonlinearity  3.227201   1 163 7.427621e-02
B1_interaction_agegroup B1_interaction_agegroup  2.781231   2 163 6.490516e-02
B1_interaction_sex           B1_interaction_sex  0.192206   1 163 6.616674e-01
B3_interaction_period     B3_interaction_period  1.640467   1 163 2.020807e-01
  model                    estimand  estimate          se      lower     upper
1    B0                No_arthritis 0.1269836 0.002568254 0.12199820 0.1321421
2    B0                          RA 0.2451479 0.015676404 0.21552485 0.2774028
3    B0 difference_RA_minus_control 0.1181643 0.015590347 0.08737926 0.1489494
4    B1                No_arthritis 0.1270486 0.002569979 0.12205988 0.1322106
5    B1                          RA 0.2423757 0.015482359 0.21312588 0.2742407
6    B1 difference_RA_minus_control 0.1153270 0.015397463 0.08492282 0.1457312
7    B3                No_arthritis 0.1270317 0.002569963 0.12204300 0.1321936
8    B3                          RA 0.2429823 0.015512606 0.21367290 0.2749065
9    B3 difference_RA_minus_control 0.1159506 0.015429384 0.08548337 0.1464178
             p coefficient_only_se  df
1           NA         0.002458089 163
2           NA         0.015701038 163
3 2.478284e-12         0.015611079 163
4           NA         0.002449321 163
5           NA         0.015485931 163
6 4.117115e-12         0.015410318 163
7           NA         0.002437609 163
8           NA         0.015469066 163
9 3.574495e-12         0.015423131 163
