Warning messages:
1: package ‘survey’ was built under R version 4.5.2 
2: package ‘survival’ was built under R version 4.5.2 
FIT B0 n 3563 status TRUE 
Stratified 1 - level Cluster Sampling design (with replacement)
With (30) clusters.
subset(wide, eligible)

Call:  svyglm(formula = form, design = ds, family = quasibinomial(), 
    control = glm.control(maxit = 100, epsilon = 1e-12))

Coefficients:
           (Intercept)                      ra                     age  
             -1.503355                0.678546               -0.019980  
             sexFemale             raceMexican      raceOther_Hispanic  
              0.072769               -0.220727               -0.270576  
          raceNH_Black   raceOther_Multiracial  educationLess_than_9th  
              0.135064                0.027081                0.044468  
     education9th_11th    educationHigh_school   educationSome_college  
             -0.118609               -0.104670               -0.033813  
                   pir                     bmi           smokingformer  
             -0.007445                0.024483                0.182091  
        smokingcurrent  
              0.022244  

Degrees of Freedom: 3562 Total (i.e. Null);  0 Residual
Null Deviance:	    3231 
Residual Deviance: 3162 	AIC: NA
FIT B1 n 3563 status TRUE 
Stratified 1 - level Cluster Sampling design (with replacement)
With (30) clusters.
subset(wide, eligible)

Call:  svyglm(formula = form, design = ds, family = quasibinomial(), 
    control = glm.control(maxit = 100, epsilon = 1e-12))

Coefficients:
           (Intercept)                      ra                     age  
              -1.05448                 0.65106                -0.03658  
             sexFemale             raceMexican      raceOther_Hispanic  
               0.07761                -0.20482                -0.26503  
          raceNH_Black   raceOther_Multiracial  educationLess_than_9th  
               0.14265                 0.02640                 0.03518  
     education9th_11th    educationHigh_school   educationSome_college  
              -0.15236                -0.13975                -0.05390  
                   pir                     bmi           smokingformer  
              -0.02548                 0.02680                 0.19370  
        smokingcurrent                  age_nl                  pir_nl  
               0.06265                 0.02515                 0.03960  

Degrees of Freedom: 3562 Total (i.e. Null);  -2 Residual
Null Deviance:	    3231 
Residual Deviance: 3157 	AIC: NA
FIT B2 n 3563 status TRUE 
Stratified 1 - level Cluster Sampling design (with replacement)
With (30) clusters.
subset(wide, eligible)

Call:  svyglm(formula = form, design = ds, family = quasibinomial(), 
    control = glm.control(maxit = 100, epsilon = 1e-12))

Coefficients:
           (Intercept)                      ra                     age  
              -0.81228                 0.65039                -0.03603  
             sexFemale             raceMexican      raceOther_Hispanic  
               0.07095                -0.19846                -0.26006  
          raceNH_Black   raceOther_Multiracial  educationLess_than_9th  
               0.14352                 0.02203                 0.03532  
     education9th_11th    educationHigh_school   educationSome_college  
              -0.15313                -0.13904                -0.05255  
                   pir                     bmi           smokingformer  
              -0.02506                 0.01620                 0.19756  
        smokingcurrent                  age_nl                  pir_nl  
               0.06477                 0.02466                 0.03962  
                bmi_nl  
               0.01270  

Degrees of Freedom: 3562 Total (i.e. Null);  -3 Residual
Null Deviance:	    3231 
Residual Deviance: 3157 	AIC: NA
FIT agegroup_20-39 n 1254 status TRUE 
FIT agegroup_40-59 n 1146 status TRUE 
FIT agegroup_60-79 n 1163 status TRUE 
FIT int_agegroup n 3563 status TRUE 
FIT sex_Male n 1665 status TRUE 
FIT sex_Female n 1898 status TRUE 
FIT int_sex n 3563 status TRUE 
FIT selection_model n 4170 status TRUE 
FIT B4 n 3563 status TRUE 
Stratified 1 - level Cluster Sampling design (with replacement)
With (30) clusters.
subset(wide, eligible)

Call:  svyglm(formula = form, design = ds, family = quasibinomial(), 
    control = glm.control(maxit = 100, epsilon = 1e-12))

Coefficients:
           (Intercept)                      ra                     age  
              -1.03027                 0.65758                -0.03730  
             sexFemale             raceMexican      raceOther_Hispanic  
               0.08067                -0.20352                -0.25219  
          raceNH_Black   raceOther_Multiracial  educationLess_than_9th  
               0.15293                 0.02967                 0.01420  
     education9th_11th    educationHigh_school   educationSome_college  
              -0.17794                -0.13757                -0.05426  
                   pir                     bmi           smokingformer  
              -0.02094                 0.02682                 0.20354  
        smokingcurrent                  age_nl                  pir_nl  
               0.06887                 0.02606                 0.03117  

Degrees of Freedom: 3562 Total (i.e. Null);  -2 Residual
Null Deviance:	    3257 
Residual Deviance: 3181 	AIC: NA
FIT support_model n 3563 status TRUE 
COMPLETE
   model    n events ra_n      beta        se       OR    lower    upper
B0    B0 3563    599  255 0.6785463 0.1850542 1.971010 1.328582 2.924081
B1    B1 3563    599  255 0.6510566 0.2029774 1.917566 1.244110 2.955573
B2    B2 3563    599  255 0.6503914 0.2028210 1.916291 1.243697 2.952624
B4    B4 3563    599  255 0.6575821 0.2044272 1.930120 1.248391 2.984131
             p df    status
B0 0.002289910 15 estimable
B1 0.005872568 15 estimable
B2 0.005882282 15 estimable
B4 0.005763299 15 estimable
                                           test          F df1 df2         p
B1_joint_nonlinearity     B1_joint_nonlinearity 0.84535425   2  15 0.4488732
B1_age_nonlinearity         B1_age_nonlinearity 1.68411320   1  15 0.2139813
B1_pir_nonlinearity         B1_pir_nonlinearity 0.07435648   1  15 0.7888144
B2_bmi_nonlinearity         B2_bmi_nonlinearity 0.30807173   1  15 0.5870482
B1_interaction_agegroup B1_interaction_agegroup 1.50315523   2  15 0.2540966
B1_interaction_sex           B1_interaction_sex 0.56866348   1  15 0.4624652
  model                    estimand  estimate          se      lower     upper
1    B0                No_arthritis 0.1628525 0.008802590 0.14494921 0.1824952
2    B0                          RA 0.2742626 0.034787746 0.20658625 0.3542117
3    B0 difference_RA_minus_control 0.1114101 0.035180301 0.03642506 0.1863951
4    B1                No_arthritis 0.1630249 0.008878248 0.14497384 0.1828428
5    B1                          RA 0.2689709 0.037236950 0.19726065 0.3552144
6    B1 difference_RA_minus_control 0.1059460 0.038137691 0.02465746 0.1872346
            p coefficient_only_se df
1          NA         0.008295552 15
2          NA         0.035748296 15
3 0.006382764         0.035524248 15
4          NA         0.008230709 15
5          NA         0.038108354 15
6 0.014070588         0.038438829 15
