metadata SMQ 108979
metadata MCQ 477063
metadata DEMO 339632
metadata DEMO_B 135103
metadata BMX 89585
metadata MCQ_B 435055
metadata SMQ_B 119367
metadata DEMO_C 149547
metadata BMX_B 60511
metadata BMX_C 75967
metadata SMQ_C 132128
metadata MCQ_C 446927
metadata MCQ_D 306006
metadata SMQ_D 132447
metadata BMX_D 64972
metadata DEMO_D 147978
metadata MCQ_E 310511
metadata SMQ_E 127984
metadata BMX_E 57501
metadata DEMO_E 158272
metadata DEMO_F 154401
metadata SMQ_F 130767
metadata MCQ_F 282133
metadata BMX_F 57661
metadata DEMO_G 167583
metadata MCQ_G 318697
metadata SMQ_G 111532
metadata BMX_G 33311
metadata DEMO_H 170377
metadata SMQ_H 125574
metadata MCQ_H 327912
metadata BMX_H 68196
metadata MCQ_I 309685
metadata DEMO_I 172117
metadata SMQ_I 193205
metadata BMX_I 67003
metadata P_DEMO 89096
metadata P_MCQ 220986
metadata P_SMQ 56290
metadata P_BMX 55369
metadata DEMO_L 88008
metadata MCQ_L 131685
metadata SMQ_L 31348
metadata BMX_L 53617
COMPLETE metadata 44 7292088
