data SMQ 1733760
data DEMO 11500560
data MCQ 12706880
data DEMO_B 3273520
data BMX 2827840
data MCQ_B 12417920
data SMQ_B 2073680
data BMX_B 2183680
data SMQ_C 1932320
data MCQ_C 11904960
data BMX_C 2551120
data DEMO_D 3566560
data MCQ_D 7006480
data SMQ_D 2578880
data BMX_D 2153760
data DEMO_E 3498080
data MCQ_E 7127840
data SMQ_E 2449520
data BMX_E 1800240
data DEMO_F 3631600
data MCQ_F 6562720
data SMQ_F 2580560
data BMX_F 1890560
data DEMO_G 3753760
RETRY DEMO_C 1 IncompleteRead(3439360 bytes read, 130480 more expected)
data MCQ_G 6905520
data DEMO_C 3569840
data SMQ_G 1946960
data BMX_G 1946720
data MCQ_H 7439280
data DEMO_H 3833200
data SMQ_H 2170000
data DEMO_I 3756480
data BMX_H 2045520
data SMQ_I 2681040
data BMX_I 1989600
data MCQ_I 6907360
data P_MCQ 7562560
data P_SMQ 1428560
data P_DEMO 3614720
data P_BMX 2520640
data MCQ_L 3294000
data DEMO_L 2582160
data SMQ_L 651120
RETRY BMX_L 1 IncompleteRead(1369792 bytes read, 193408 more expected)
data BMX_L 1563200
COMPLETE data 44 182115280
